2025-06-03T23:07:50.467+05:30  INFO 47537 --- [auth-service] [main] c.i.a.AuthServiceApplicationTests        : Starting AuthServiceApplicationTests using Java 17.0.14 with PID 47537 (started by mayankkilhor in /Users/mayankkilhor/GitHub/imspos-microservices/auth-service)
2025-06-03T23:07:50.468+05:30 DEBUG 47537 --- [auth-service] [main] c.i.a.AuthServiceApplicationTests        : Running with Spring Boot v3.4.5, Spring v6.2.6
2025-06-03T23:07:50.468+05:30  INFO 47537 --- [auth-service] [main] c.i.a.AuthServiceApplicationTests        : No active profile set, falling back to 1 default profile: "default"
2025-06-03T23:07:50.478+05:30  INFO 47537 --- [auth-service] [main] o.s.c.c.c.ConfigServerConfigDataLoader   : Fetching config from server at : http://localhost:8888
2025-06-03T23:07:50.478+05:30  INFO 47537 --- [auth-service] [main] o.s.c.c.c.ConfigServerConfigDataLoader   : Located environment: name=auth-service, profiles=[default], label=null, version=58e56244606c74745e3b50ab3f04cff41fa2c309, state=
2025-06-03T23:07:50.810+05:30  INFO 47537 --- [auth-service] [main] .s.d.r.c.RepositoryConfigurationDelegate : Bootstrapping Spring Data JPA repositories in DEFAULT mode.
2025-06-03T23:07:50.875+05:30  INFO 47537 --- [auth-service] [main] .s.d.r.c.RepositoryConfigurationDelegate : Finished Spring Data repository scanning in 60 ms. Found 4 JPA repository interfaces.
2025-06-03T23:07:50.959+05:30  INFO 47537 --- [auth-service] [main] o.s.cloud.context.scope.GenericScope     : BeanFactory id=d52eb8e4-cf56-3c58-9a65-1c46b27a7ef4
2025-06-03T23:07:51.136+05:30  INFO 47537 --- [auth-service] [main] o.hibernate.jpa.internal.util.LogHelper  : HHH000204: Processing PersistenceUnitInfo [name: default]
2025-06-03T23:07:51.156+05:30  INFO 47537 --- [auth-service] [main] org.hibernate.Version                    : HHH000412: Hibernate ORM core version 6.6.13.Final
2025-06-03T23:07:51.168+05:30  INFO 47537 --- [auth-service] [main] o.h.c.internal.RegionFactoryInitiator    : HHH000026: Second-level cache disabled
2025-06-03T23:07:51.253+05:30  INFO 47537 --- [auth-service] [main] o.s.o.j.p.SpringPersistenceUnitInfo      : No LoadTimeWeaver setup: ignoring JPA class transformer
2025-06-03T23:07:51.261+05:30  INFO 47537 --- [auth-service] [main] com.zaxxer.hikari.HikariDataSource       : HikariPool-1 - Starting...
2025-06-03T23:07:51.300+05:30  INFO 47537 --- [auth-service] [main] com.zaxxer.hikari.pool.HikariPool        : HikariPool-1 - Added connection org.postgresql.jdbc.PgConnection@15fd3088
2025-06-03T23:07:51.301+05:30  INFO 47537 --- [auth-service] [main] com.zaxxer.hikari.HikariDataSource       : HikariPool-1 - Start completed.
2025-06-03T23:07:51.316+05:30  WARN 47537 --- [auth-service] [main] org.hibernate.orm.deprecation            : HHH90000025: PostgreSQLDialect does not need to be specified explicitly using 'hibernate.dialect' (remove the property setting and it will be selected by default)
2025-06-03T23:07:51.324+05:30  INFO 47537 --- [auth-service] [main] org.hibernate.orm.connections.pooling    : HHH10001005: Database info:
	Database JDBC URL [Connecting through datasource 'HikariDataSource (HikariPool-1)']
	Database driver: undefined/unknown
	Database version: 14.17
	Autocommit mode: undefined/unknown
	Isolation level: undefined/unknown
	Minimum pool size: undefined/unknown
	Maximum pool size: undefined/unknown
2025-06-03T23:07:51.657+05:30  INFO 47537 --- [auth-service] [main] o.h.e.t.j.p.i.JtaPlatformInitiator       : HHH000489: No JTA platform available (set 'hibernate.transaction.jta.platform' to enable JTA platform integration)
2025-06-03T23:07:51.831+05:30  INFO 47537 --- [auth-service] [main] j.LocalContainerEntityManagerFactoryBean : Initialized JPA EntityManagerFactory for persistence unit 'default'
2025-06-03T23:07:52.048+05:30  WARN 47537 --- [auth-service] [main] JpaBaseConfiguration$JpaWebConfiguration : spring.jpa.open-in-view is enabled by default. Therefore, database queries may be performed during view rendering. Explicitly configure spring.jpa.open-in-view to disable this warning
2025-06-03T23:07:52.081+05:30  INFO 47537 --- [auth-service] [main] eAuthenticationProviderManagerConfigurer : Global AuthenticationManager configured with AuthenticationProvider bean with name authenticationProvider
2025-06-03T23:07:52.081+05:30  WARN 47537 --- [auth-service] [main] r$InitializeUserDetailsManagerConfigurer : Global AuthenticationManager configured with an AuthenticationProvider bean. UserDetailsService beans will not be used by Spring Security for automatically configuring username/password login. Consider removing the AuthenticationProvider bean. Alternatively, consider using the UserDetailsService in a manually instantiated DaoAuthenticationProvider. If the current configuration is intentional, to turn off this warning, increase the logging level of 'org.springframework.security.config.annotation.authentication.configuration.InitializeUserDetailsBeanManagerConfigurer' to ERROR
2025-06-03T23:07:52.278+05:30  INFO 47537 --- [auth-service] [main] o.s.b.a.e.web.EndpointLinksResolver      : Exposing 1 endpoint beneath base path '/actuator'
2025-06-03T23:07:52.505+05:30  INFO 47537 --- [auth-service] [main] DiscoveryClientOptionalArgsConfiguration : Eureka HTTP Client uses RestTemplate.
2025-06-03T23:07:52.527+05:30  WARN 47537 --- [auth-service] [main] iguration$LoadBalancerCaffeineWarnLogger : Spring Cloud LoadBalancer is currently working with the default cache. While this cache implementation is useful for development and tests, it's recommended to use Caffeine cache in production.You can switch to using Caffeine cache, by adding it and org.springframework.cache.caffeine.CaffeineCacheManager to the classpath.
2025-06-03T23:07:52.550+05:30  INFO 47537 --- [auth-service] [main] o.s.c.n.eureka.InstanceInfoFactory       : Setting initial instance status as: STARTING
2025-06-03T23:07:52.557+05:30  INFO 47537 --- [auth-service] [main] com.netflix.discovery.DiscoveryClient    : Initializing Eureka in region us-east-1
2025-06-03T23:07:52.559+05:30  INFO 47537 --- [auth-service] [main] c.n.d.s.r.aws.ConfigClusterResolver      : Resolving eureka endpoints via configuration
2025-06-03T23:07:52.561+05:30  INFO 47537 --- [auth-service] [main] com.netflix.discovery.DiscoveryClient    : Disable delta property : false
2025-06-03T23:07:52.561+05:30  INFO 47537 --- [auth-service] [main] com.netflix.discovery.DiscoveryClient    : Single vip registry refresh property : null
2025-06-03T23:07:52.561+05:30  INFO 47537 --- [auth-service] [main] com.netflix.discovery.DiscoveryClient    : Force full registry fetch : false
2025-06-03T23:07:52.562+05:30  INFO 47537 --- [auth-service] [main] com.netflix.discovery.DiscoveryClient    : Application is null : false
2025-06-03T23:07:52.562+05:30  INFO 47537 --- [auth-service] [main] com.netflix.discovery.DiscoveryClient    : Registered Applications size is zero : true
2025-06-03T23:07:52.562+05:30  INFO 47537 --- [auth-service] [main] com.netflix.discovery.DiscoveryClient    : Application version is -1: true
2025-06-03T23:07:52.562+05:30  INFO 47537 --- [auth-service] [main] com.netflix.discovery.DiscoveryClient    : Getting all instance registry info from the eureka server
2025-06-03T23:07:52.660+05:30  INFO 47537 --- [auth-service] [main] com.netflix.discovery.DiscoveryClient    : The response status is 200
2025-06-03T23:07:52.661+05:30  INFO 47537 --- [auth-service] [main] com.netflix.discovery.DiscoveryClient    : Starting heartbeat executor: renew interval is: 30
2025-06-03T23:07:52.661+05:30  INFO 47537 --- [auth-service] [main] c.n.discovery.InstanceInfoReplicator     : InstanceInfoReplicator onDemand update allowed rate per min is 4
2025-06-03T23:07:52.662+05:30  INFO 47537 --- [auth-service] [main] com.netflix.discovery.DiscoveryClient    : Discovery Client initialized at timestamp 1748972272662 with initial instances count: 2
2025-06-03T23:07:52.664+05:30  INFO 47537 --- [auth-service] [main] o.s.c.n.e.s.EurekaServiceRegistry        : Registering application AUTH-SERVICE with eureka with status UP
2025-06-03T23:07:52.664+05:30  INFO 47537 --- [auth-service] [main] com.netflix.discovery.DiscoveryClient    : Saw local status change event StatusChangeEvent [timestamp=1748972272664, current=UP, previous=STARTING]
2025-06-03T23:07:52.665+05:30  INFO 47537 --- [auth-service] [DiscoveryClient-InstanceInfoReplicator-%d] com.netflix.discovery.DiscoveryClient    : DiscoveryClient_AUTH-SERVICE/192.168.1.22:auth-service:8082: registering service...
2025-06-03T23:07:52.678+05:30  INFO 47537 --- [auth-service] [DiscoveryClient-InstanceInfoReplicator-%d] com.netflix.discovery.DiscoveryClient    : DiscoveryClient_AUTH-SERVICE/192.168.1.22:auth-service:8082 - registration status: 204
2025-06-03T23:07:52.744+05:30  INFO 47537 --- [auth-service] [main] c.i.a.AuthServiceApplicationTests        : Started AuthServiceApplicationTests in 3.657 seconds (process running for 4.062)
2025-06-03T23:07:53.021+05:30  INFO 47537 --- [auth-service] [SpringApplicationShutdownHook] o.s.c.n.e.s.EurekaServiceRegistry        : Unregistering application AUTH-SERVICE with eureka with status DOWN
2025-06-03T23:07:53.021+05:30  INFO 47537 --- [auth-service] [SpringApplicationShutdownHook] com.netflix.discovery.DiscoveryClient    : Saw local status change event StatusChangeEvent [timestamp=1748972273021, current=DOWN, previous=UP]
2025-06-03T23:07:53.021+05:30  INFO 47537 --- [auth-service] [DiscoveryClient-InstanceInfoReplicator-%d] com.netflix.discovery.DiscoveryClient    : DiscoveryClient_AUTH-SERVICE/192.168.1.22:auth-service:8082: registering service...
2025-06-03T23:07:53.025+05:30  INFO 47537 --- [auth-service] [DiscoveryClient-InstanceInfoReplicator-%d] com.netflix.discovery.DiscoveryClient    : DiscoveryClient_AUTH-SERVICE/192.168.1.22:auth-service:8082 - registration status: 204
2025-06-03T23:07:53.025+05:30  INFO 47537 --- [auth-service] [SpringApplicationShutdownHook] j.LocalContainerEntityManagerFactoryBean : Closing JPA EntityManagerFactory for persistence unit 'default'
2025-06-03T23:07:53.026+05:30  INFO 47537 --- [auth-service] [SpringApplicationShutdownHook] com.zaxxer.hikari.HikariDataSource       : HikariPool-1 - Shutdown initiated...
2025-06-03T23:07:53.028+05:30  INFO 47537 --- [auth-service] [SpringApplicationShutdownHook] com.zaxxer.hikari.HikariDataSource       : HikariPool-1 - Shutdown completed.
2025-06-03T23:07:53.028+05:30  INFO 47537 --- [auth-service] [SpringApplicationShutdownHook] com.netflix.discovery.DiscoveryClient    : Shutting down DiscoveryClient ...
2025-06-03T23:07:56.033+05:30  INFO 47537 --- [auth-service] [SpringApplicationShutdownHook] com.netflix.discovery.DiscoveryClient    : Unregistering ...
2025-06-03T23:07:56.046+05:30  INFO 47537 --- [auth-service] [SpringApplicationShutdownHook] com.netflix.discovery.DiscoveryClient    : DiscoveryClient_AUTH-SERVICE/192.168.1.22:auth-service:8082 - deregister  status: 200
2025-06-03T23:07:56.047+05:30  INFO 47537 --- [auth-service] [SpringApplicationShutdownHook] com.netflix.discovery.DiscoveryClient    : Completed shut down of DiscoveryClient
2025-06-03T23:43:12.164+05:30  INFO 48221 --- [auth-service] [main] c.i.a.AuthServiceApplicationTests        : Starting AuthServiceApplicationTests using Java 17.0.14 with PID 48221 (started by mayankkilhor in /Users/mayankkilhor/GitHub/imspos-microservices/auth-service)
2025-06-03T23:43:12.165+05:30 DEBUG 48221 --- [auth-service] [main] c.i.a.AuthServiceApplicationTests        : Running with Spring Boot v3.4.5, Spring v6.2.6
2025-06-03T23:43:12.165+05:30  INFO 48221 --- [auth-service] [main] c.i.a.AuthServiceApplicationTests        : No active profile set, falling back to 1 default profile: "default"
2025-06-03T23:43:12.176+05:30  INFO 48221 --- [auth-service] [main] o.s.c.c.c.ConfigServerConfigDataLoader   : Fetching config from server at : http://localhost:8888
2025-06-03T23:43:12.176+05:30  INFO 48221 --- [auth-service] [main] o.s.c.c.c.ConfigServerConfigDataLoader   : Located environment: name=auth-service, profiles=[default], label=null, version=58e56244606c74745e3b50ab3f04cff41fa2c309, state=
2025-06-03T23:43:12.508+05:30  INFO 48221 --- [auth-service] [main] .s.d.r.c.RepositoryConfigurationDelegate : Bootstrapping Spring Data JPA repositories in DEFAULT mode.
2025-06-03T23:43:12.556+05:30  INFO 48221 --- [auth-service] [main] .s.d.r.c.RepositoryConfigurationDelegate : Finished Spring Data repository scanning in 44 ms. Found 4 JPA repository interfaces.
2025-06-03T23:43:12.629+05:30  INFO 48221 --- [auth-service] [main] o.s.cloud.context.scope.GenericScope     : BeanFactory id=d52eb8e4-cf56-3c58-9a65-1c46b27a7ef4
2025-06-03T23:43:12.776+05:30  INFO 48221 --- [auth-service] [main] o.hibernate.jpa.internal.util.LogHelper  : HHH000204: Processing PersistenceUnitInfo [name: default]
2025-06-03T23:43:12.804+05:30  INFO 48221 --- [auth-service] [main] org.hibernate.Version                    : HHH000412: Hibernate ORM core version 6.6.13.Final
2025-06-03T23:43:12.814+05:30  INFO 48221 --- [auth-service] [main] o.h.c.internal.RegionFactoryInitiator    : HHH000026: Second-level cache disabled
2025-06-03T23:43:12.878+05:30  INFO 48221 --- [auth-service] [main] o.s.o.j.p.SpringPersistenceUnitInfo      : No LoadTimeWeaver setup: ignoring JPA class transformer
2025-06-03T23:43:12.886+05:30  INFO 48221 --- [auth-service] [main] com.zaxxer.hikari.HikariDataSource       : HikariPool-1 - Starting...
2025-06-03T23:43:12.916+05:30  INFO 48221 --- [auth-service] [main] com.zaxxer.hikari.pool.HikariPool        : HikariPool-1 - Added connection org.postgresql.jdbc.PgConnection@13ae87a6
2025-06-03T23:43:12.917+05:30  INFO 48221 --- [auth-service] [main] com.zaxxer.hikari.HikariDataSource       : HikariPool-1 - Start completed.
2025-06-03T23:43:12.931+05:30  WARN 48221 --- [auth-service] [main] org.hibernate.orm.deprecation            : HHH90000025: PostgreSQLDialect does not need to be specified explicitly using 'hibernate.dialect' (remove the property setting and it will be selected by default)
2025-06-03T23:43:12.938+05:30  INFO 48221 --- [auth-service] [main] org.hibernate.orm.connections.pooling    : HHH10001005: Database info:
	Database JDBC URL [Connecting through datasource 'HikariDataSource (HikariPool-1)']
	Database driver: undefined/unknown
	Database version: 14.17
	Autocommit mode: undefined/unknown
	Isolation level: undefined/unknown
	Minimum pool size: undefined/unknown
	Maximum pool size: undefined/unknown
2025-06-03T23:43:13.313+05:30  INFO 48221 --- [auth-service] [main] o.h.e.t.j.p.i.JtaPlatformInitiator       : HHH000489: No JTA platform available (set 'hibernate.transaction.jta.platform' to enable JTA platform integration)
2025-06-03T23:43:13.496+05:30  INFO 48221 --- [auth-service] [main] j.LocalContainerEntityManagerFactoryBean : Initialized JPA EntityManagerFactory for persistence unit 'default'
2025-06-03T23:43:13.752+05:30  WARN 48221 --- [auth-service] [main] JpaBaseConfiguration$JpaWebConfiguration : spring.jpa.open-in-view is enabled by default. Therefore, database queries may be performed during view rendering. Explicitly configure spring.jpa.open-in-view to disable this warning
2025-06-03T23:43:13.795+05:30  INFO 48221 --- [auth-service] [main] eAuthenticationProviderManagerConfigurer : Global AuthenticationManager configured with AuthenticationProvider bean with name authenticationProvider
2025-06-03T23:43:13.795+05:30  WARN 48221 --- [auth-service] [main] r$InitializeUserDetailsManagerConfigurer : Global AuthenticationManager configured with an AuthenticationProvider bean. UserDetailsService beans will not be used by Spring Security for automatically configuring username/password login. Consider removing the AuthenticationProvider bean. Alternatively, consider using the UserDetailsService in a manually instantiated DaoAuthenticationProvider. If the current configuration is intentional, to turn off this warning, increase the logging level of 'org.springframework.security.config.annotation.authentication.configuration.InitializeUserDetailsBeanManagerConfigurer' to ERROR
2025-06-03T23:43:14.013+05:30  INFO 48221 --- [auth-service] [main] o.s.b.a.e.web.EndpointLinksResolver      : Exposing 1 endpoint beneath base path '/actuator'
2025-06-03T23:43:14.269+05:30  INFO 48221 --- [auth-service] [main] DiscoveryClientOptionalArgsConfiguration : Eureka HTTP Client uses RestTemplate.
2025-06-03T23:43:14.286+05:30  WARN 48221 --- [auth-service] [main] iguration$LoadBalancerCaffeineWarnLogger : Spring Cloud LoadBalancer is currently working with the default cache. While this cache implementation is useful for development and tests, it's recommended to use Caffeine cache in production.You can switch to using Caffeine cache, by adding it and org.springframework.cache.caffeine.CaffeineCacheManager to the classpath.
2025-06-03T23:43:14.309+05:30  INFO 48221 --- [auth-service] [main] o.s.c.n.eureka.InstanceInfoFactory       : Setting initial instance status as: STARTING
2025-06-03T23:43:14.316+05:30  INFO 48221 --- [auth-service] [main] com.netflix.discovery.DiscoveryClient    : Initializing Eureka in region us-east-1
2025-06-03T23:43:14.317+05:30  INFO 48221 --- [auth-service] [main] c.n.d.s.r.aws.ConfigClusterResolver      : Resolving eureka endpoints via configuration
2025-06-03T23:43:14.320+05:30  INFO 48221 --- [auth-service] [main] com.netflix.discovery.DiscoveryClient    : Disable delta property : false
2025-06-03T23:43:14.320+05:30  INFO 48221 --- [auth-service] [main] com.netflix.discovery.DiscoveryClient    : Single vip registry refresh property : null
2025-06-03T23:43:14.320+05:30  INFO 48221 --- [auth-service] [main] com.netflix.discovery.DiscoveryClient    : Force full registry fetch : false
2025-06-03T23:43:14.320+05:30  INFO 48221 --- [auth-service] [main] com.netflix.discovery.DiscoveryClient    : Application is null : false
2025-06-03T23:43:14.320+05:30  INFO 48221 --- [auth-service] [main] com.netflix.discovery.DiscoveryClient    : Registered Applications size is zero : true
2025-06-03T23:43:14.320+05:30  INFO 48221 --- [auth-service] [main] com.netflix.discovery.DiscoveryClient    : Application version is -1: true
2025-06-03T23:43:14.320+05:30  INFO 48221 --- [auth-service] [main] com.netflix.discovery.DiscoveryClient    : Getting all instance registry info from the eureka server
2025-06-03T23:43:14.431+05:30  INFO 48221 --- [auth-service] [main] com.netflix.discovery.DiscoveryClient    : The response status is 200
2025-06-03T23:43:14.432+05:30  INFO 48221 --- [auth-service] [main] com.netflix.discovery.DiscoveryClient    : Starting heartbeat executor: renew interval is: 30
2025-06-03T23:43:14.433+05:30  INFO 48221 --- [auth-service] [main] c.n.discovery.InstanceInfoReplicator     : InstanceInfoReplicator onDemand update allowed rate per min is 4
2025-06-03T23:43:14.433+05:30  INFO 48221 --- [auth-service] [main] com.netflix.discovery.DiscoveryClient    : Discovery Client initialized at timestamp 1748974394433 with initial instances count: 2
2025-06-03T23:43:14.436+05:30  INFO 48221 --- [auth-service] [main] o.s.c.n.e.s.EurekaServiceRegistry        : Registering application AUTH-SERVICE with eureka with status UP
2025-06-03T23:43:14.436+05:30  INFO 48221 --- [auth-service] [main] com.netflix.discovery.DiscoveryClient    : Saw local status change event StatusChangeEvent [timestamp=1748974394436, current=UP, previous=STARTING]
2025-06-03T23:43:14.436+05:30  INFO 48221 --- [auth-service] [DiscoveryClient-InstanceInfoReplicator-%d] com.netflix.discovery.DiscoveryClient    : DiscoveryClient_AUTH-SERVICE/192.168.1.22:auth-service:8082: registering service...
2025-06-03T23:43:14.455+05:30  INFO 48221 --- [auth-service] [DiscoveryClient-InstanceInfoReplicator-%d] com.netflix.discovery.DiscoveryClient    : DiscoveryClient_AUTH-SERVICE/192.168.1.22:auth-service:8082 - registration status: 204
2025-06-03T23:43:14.518+05:30  INFO 48221 --- [auth-service] [main] c.i.a.AuthServiceApplicationTests        : Started AuthServiceApplicationTests in 3.526 seconds (process running for 3.884)
2025-06-03T23:43:14.793+05:30  INFO 48221 --- [auth-service] [SpringApplicationShutdownHook] o.s.c.n.e.s.EurekaServiceRegistry        : Unregistering application AUTH-SERVICE with eureka with status DOWN
2025-06-03T23:43:14.793+05:30  INFO 48221 --- [auth-service] [SpringApplicationShutdownHook] com.netflix.discovery.DiscoveryClient    : Saw local status change event StatusChangeEvent [timestamp=1748974394793, current=DOWN, previous=UP]
2025-06-03T23:43:14.793+05:30  INFO 48221 --- [auth-service] [DiscoveryClient-InstanceInfoReplicator-%d] com.netflix.discovery.DiscoveryClient    : DiscoveryClient_AUTH-SERVICE/192.168.1.22:auth-service:8082: registering service...
2025-06-03T23:43:14.797+05:30  INFO 48221 --- [auth-service] [DiscoveryClient-InstanceInfoReplicator-%d] com.netflix.discovery.DiscoveryClient    : DiscoveryClient_AUTH-SERVICE/192.168.1.22:auth-service:8082 - registration status: 204
2025-06-03T23:43:14.798+05:30  INFO 48221 --- [auth-service] [SpringApplicationShutdownHook] j.LocalContainerEntityManagerFactoryBean : Closing JPA EntityManagerFactory for persistence unit 'default'
2025-06-03T23:43:14.799+05:30  INFO 48221 --- [auth-service] [SpringApplicationShutdownHook] com.zaxxer.hikari.HikariDataSource       : HikariPool-1 - Shutdown initiated...
2025-06-03T23:43:14.800+05:30  INFO 48221 --- [auth-service] [SpringApplicationShutdownHook] com.zaxxer.hikari.HikariDataSource       : HikariPool-1 - Shutdown completed.
2025-06-03T23:43:14.800+05:30  INFO 48221 --- [auth-service] [SpringApplicationShutdownHook] com.netflix.discovery.DiscoveryClient    : Shutting down DiscoveryClient ...
2025-06-03T23:43:17.806+05:30  INFO 48221 --- [auth-service] [SpringApplicationShutdownHook] com.netflix.discovery.DiscoveryClient    : Unregistering ...
2025-06-03T23:43:17.816+05:30  INFO 48221 --- [auth-service] [SpringApplicationShutdownHook] com.netflix.discovery.DiscoveryClient    : DiscoveryClient_AUTH-SERVICE/192.168.1.22:auth-service:8082 - deregister  status: 200
2025-06-03T23:43:17.817+05:30  INFO 48221 --- [auth-service] [SpringApplicationShutdownHook] com.netflix.discovery.DiscoveryClient    : Completed shut down of DiscoveryClient
